22:31:59 **** Incremental Build of configuration Debug for project FreeRTOS_LC5110_Joystick ****
make all 
arm-none-eabi-g++ "../Src/game.cpp" -mcpu=cortex-m3 -std=gnu++14 -g3 '-D__weak=__attribute__((weak))' '-D__packed=__attribute__((__packed__))' -DUSE_HAL_DRIVER -DSTM32F103xB -c -I../Inc -I../Drivers/STM32F1xx_HAL_Driver/Inc -I../Drivers/STM32F1xx_HAL_Driver/Inc/Legacy -I../Middlewares/Third_Party/FreeRTOS/Source/portable/GCC/ARM_CM3 -I../Drivers/CMSIS/Device/ST/STM32F1xx/Include -I../Middlewares/Third_Party/FreeRTOS/Source/include -I../Middlewares/Third_Party/FreeRTOS/Source/CMSIS_RTOS -I../Drivers/CMSIS/Include -Os -ffunction-sections -fdata-sections -fno-exceptions -fno-rtti -fno-threadsafe-statics -fno-use-cxa-atexit -Wall -fstack-usage -MMD -MP -MF"Src/game.d" -MT"Src/game.o" --specs=nano.specs -mfloat-abi=soft -mthumb -o "Src/game.o"
../Src/game.cpp: In member function 'int IntelligentAgent::action(EnvBlobObs*)':
../Src/game.cpp:309:33: warning: comparison between signed and unsigned integer expressions [-Wsign-compare]
             if (prng_LFSR()%100 > _epsilon)
                 ~~~~~~~~~~~~~~~~^~~~~~~~~~
../Src/game.cpp: In function 'int app()':
../Src/game.cpp:371:1: warning: no return statement in function returning non-void [-Wreturn-type]
 }
 ^
../Src/game.cpp: In function 'void vTask_Game_Print(void*)':
../Src/game.cpp:448:21: warning: ISO C++ forbids converting a string constant to 'char*' [-Wwrite-strings]
   string_LCD("score");
                     ^
../Src/game.cpp: In function 'int main()':
../Src/game.cpp:504:28: warning: ISO C++ forbids converting a string constant to 'char*' [-Wwrite-strings]
  string_LCD("Press.  Botao");
                            ^
../Src/game.cpp:506:17: warning: ISO C++ forbids converting a string constant to 'char*' [-Wwrite-strings]
  string_LCD("AI");
                 ^
../Src/game.cpp:508:19: warning: ISO C++ forbids converting a string constant to 'char*' [-Wwrite-strings]
  string_LCD("food");
                   ^
../Src/game.cpp:510:21: warning: ISO C++ forbids converting a string constant to 'char*' [-Wwrite-strings]
  string_LCD("player");
                     ^
../Src/game.cpp:464:16: warning: unused variable 'semente_PRNG' [-Wunused-variable]
  unsigned long semente_PRNG=1;
                ^~~~~~~~~~~~
../Src/game.cpp: In function 'void SystemClock_Config()':
../Src/game.cpp:602:38: warning: ISO C++ forbids converting a string constant to 'char*' [-Wwrite-strings]
     _Error_Handler(__FILE__, __LINE__);
                                      ^
../Src/game.cpp:616:38: warning: ISO C++ forbids converting a string constant to 'char*' [-Wwrite-strings]
     _Error_Handler(__FILE__, __LINE__);
                                      ^
../Src/game.cpp:623:38: warning: ISO C++ forbids converting a string constant to 'char*' [-Wwrite-strings]
     _Error_Handler(__FILE__, __LINE__);
                                      ^
../Src/game.cpp: In function 'void MX_ADC1_Init()':
../Src/game.cpp:655:38: warning: ISO C++ forbids converting a string constant to 'char*' [-Wwrite-strings]
     _Error_Handler(__FILE__, __LINE__);
                                      ^
../Src/game.cpp:665:38: warning: ISO C++ forbids converting a string constant to 'char*' [-Wwrite-strings]
     _Error_Handler(__FILE__, __LINE__);
                                      ^
../Src/game.cpp:674:38: warning: ISO C++ forbids converting a string constant to 'char*' [-Wwrite-strings]
     _Error_Handler(__FILE__, __LINE__);
                                      ^
arm-none-eabi-g++ -o "FreeRTOS_LC5110_Joystick.elf" @"objects.list"   -mcpu=cortex-m3 -T"../STM32F103C8_FLASH.ld" --specs=nosys.specs -Wl,-Map="FreeRTOS_LC5110_Joystick.map" -Wl,--gc-sections -static --specs=nano.specs -mfloat-abi=soft -mthumb -Wl,--start-group -lc -lm -lstdc++ -lsupc++ -Wl,--end-group
Finished building target: FreeRTOS_LC5110_Joystick.elf
 
arm-none-eabi-objdump -h -S  FreeRTOS_LC5110_Joystick.elf  > "FreeRTOS_LC5110_Joystick.list"
Finished building: FreeRTOS_LC5110_Joystick.list
 
arm-none-eabi-objcopy  -O binary  FreeRTOS_LC5110_Joystick.elf  "FreeRTOS_LC5110_Joystick.bin"
Finished building: FreeRTOS_LC5110_Joystick.bin
 
arm-none-eabi-size   FreeRTOS_LC5110_Joystick.elf 
   text	   data	    bss	    dec	    hex	filename
  29912	    124	  15736	  45772	   b2cc	FreeRTOS_LC5110_Joystick.elf
Finished building: default.size.stdout
 
22:32:10 **** Incremental Build of configuration Debug for project FreeRTOS_LC5110_Joystick ****
make all 
arm-none-eabi-size   FreeRTOS_LC5110_Joystick.elf 
   text	   data	    bss	    dec	    hex	filename
  29912	    124	  15736	  45772	   b2cc	FreeRTOS_LC5110_Joystick.elf
Finished building: default.size.stdout
 
22:34:00 **** Incremental Build of configuration Debug for project FreeRTOS_LC5110_Joystick ****
make all 
arm-none-eabi-g++ "../Src/game.cpp" -mcpu=cortex-m3 -std=gnu++14 -g3 '-D__weak=__attribute__((weak))' '-D__packed=__attribute__((__packed__))' -DUSE_HAL_DRIVER -DSTM32F103xB -c -I../Inc -I../Drivers/STM32F1xx_HAL_Driver/Inc -I../Drivers/STM32F1xx_HAL_Driver/Inc/Legacy -I../Middlewares/Third_Party/FreeRTOS/Source/portable/GCC/ARM_CM3 -I../Drivers/CMSIS/Device/ST/STM32F1xx/Include -I../Middlewares/Third_Party/FreeRTOS/Source/include -I../Middlewares/Third_Party/FreeRTOS/Source/CMSIS_RTOS -I../Drivers/CMSIS/Include -Os -ffunction-sections -fdata-sections -fno-exceptions -fno-rtti -fno-threadsafe-statics -fno-use-cxa-atexit -Wall -fstack-usage -MMD -MP -MF"Src/game.d" -MT"Src/game.o" --specs=nano.specs -mfloat-abi=soft -mthumb -o "Src/game.o"
../Src/game.cpp: In member function 'int IntelligentAgent::action(EnvBlobObs*)':
../Src/game.cpp:309:33: warning: comparison between signed and unsigned integer expressions [-Wsign-compare]
             if (prng_LFSR()%100 > _epsilon)
                 ~~~~~~~~~~~~~~~~^~~~~~~~~~
../Src/game.cpp: In function 'int app()':
../Src/game.cpp:371:1: warning: no return statement in function returning non-void [-Wreturn-type]
 }
 ^
../Src/game.cpp: In function 'void vTask_Game_Print(void*)':
../Src/game.cpp:448:21: warning: ISO C++ forbids converting a string constant to 'char*' [-Wwrite-strings]
   string_LCD("score");
                     ^
../Src/game.cpp: In function 'int main()':
../Src/game.cpp:504:28: warning: ISO C++ forbids converting a string constant to 'char*' [-Wwrite-strings]
  string_LCD("Press.  Botao");
                            ^
../Src/game.cpp:506:17: warning: ISO C++ forbids converting a string constant to 'char*' [-Wwrite-strings]
  string_LCD("AI");
                 ^
../Src/game.cpp:508:19: warning: ISO C++ forbids converting a string constant to 'char*' [-Wwrite-strings]
  string_LCD("food");
                   ^
../Src/game.cpp:510:21: warning: ISO C++ forbids converting a string constant to 'char*' [-Wwrite-strings]
  string_LCD("player");
                     ^
../Src/game.cpp:464:16: warning: unused variable 'semente_PRNG' [-Wunused-variable]
  unsigned long semente_PRNG=1;
                ^~~~~~~~~~~~
../Src/game.cpp: In function 'void SystemClock_Config()':
../Src/game.cpp:602:38: warning: ISO C++ forbids converting a string constant to 'char*' [-Wwrite-strings]
     _Error_Handler(__FILE__, __LINE__);
                                      ^
../Src/game.cpp:616:38: warning: ISO C++ forbids converting a string constant to 'char*' [-Wwrite-strings]
     _Error_Handler(__FILE__, __LINE__);
                                      ^
../Src/game.cpp:623:38: warning: ISO C++ forbids converting a string constant to 'char*' [-Wwrite-strings]
     _Error_Handler(__FILE__, __LINE__);
                                      ^
../Src/game.cpp: In function 'void MX_ADC1_Init()':
../Src/game.cpp:655:38: warning: ISO C++ forbids converting a string constant to 'char*' [-Wwrite-strings]
     _Error_Handler(__FILE__, __LINE__);
                                      ^
../Src/game.cpp:665:38: warning: ISO C++ forbids converting a string constant to 'char*' [-Wwrite-strings]
     _Error_Handler(__FILE__, __LINE__);
                                      ^
../Src/game.cpp:674:38: warning: ISO C++ forbids converting a string constant to 'char*' [-Wwrite-strings]
     _Error_Handler(__FILE__, __LINE__);
                                      ^
arm-none-eabi-g++ -o "FreeRTOS_LC5110_Joystick.elf" @"objects.list"   -mcpu=cortex-m3 -T"../STM32F103C8_FLASH.ld" --specs=nosys.specs -Wl,-Map="FreeRTOS_LC5110_Joystick.map" -Wl,--gc-sections -static --specs=nano.specs -mfloat-abi=soft -mthumb -Wl,--start-group -lc -lm -lstdc++ -lsupc++ -Wl,--end-group
Finished building target: FreeRTOS_LC5110_Joystick.elf
 
arm-none-eabi-objdump -h -S  FreeRTOS_LC5110_Joystick.elf  > "FreeRTOS_LC5110_Joystick.list"
Finished building: FreeRTOS_LC5110_Joystick.list
 
arm-none-eabi-objcopy  -O binary  FreeRTOS_LC5110_Joystick.elf  "FreeRTOS_LC5110_Joystick.bin"
Finished building: FreeRTOS_LC5110_Joystick.bin
 
arm-none-eabi-size   FreeRTOS_LC5110_Joystick.elf 
   text	   data	    bss	    dec	    hex	filename
  29916	    124	  15736	  45776	   b2d0	FreeRTOS_LC5110_Joystick.elf
Finished building: default.size.stdout
 
22:34:35 **** Incremental Build of configuration Debug for project FreeRTOS_LC5110_Joystick ****
make all 
arm-none-eabi-g++ "../Src/game.cpp" -mcpu=cortex-m3 -std=gnu++14 -g3 '-D__weak=__attribute__((weak))' '-D__packed=__attribute__((__packed__))' -DUSE_HAL_DRIVER -DSTM32F103xB -c -I../Inc -I../Drivers/STM32F1xx_HAL_Driver/Inc -I../Drivers/STM32F1xx_HAL_Driver/Inc/Legacy -I../Middlewares/Third_Party/FreeRTOS/Source/portable/GCC/ARM_CM3 -I../Drivers/CMSIS/Device/ST/STM32F1xx/Include -I../Middlewares/Third_Party/FreeRTOS/Source/include -I../Middlewares/Third_Party/FreeRTOS/Source/CMSIS_RTOS -I../Drivers/CMSIS/Include -Os -ffunction-sections -fdata-sections -fno-exceptions -fno-rtti -fno-threadsafe-statics -fno-use-cxa-atexit -Wall -fstack-usage -MMD -MP -MF"Src/game.d" -MT"Src/game.o" --specs=nano.specs -mfloat-abi=soft -mthumb -o "Src/game.o"
../Src/game.cpp: In member function 'int IntelligentAgent::action(EnvBlobObs*)':
../Src/game.cpp:309:33: warning: comparison between signed and unsigned integer expressions [-Wsign-compare]
             if (prng_LFSR()%100 > _epsilon)
                 ~~~~~~~~~~~~~~~~^~~~~~~~~~
../Src/game.cpp: In function 'int app()':
../Src/game.cpp:371:1: warning: no return statement in function returning non-void [-Wreturn-type]
 }
 ^
../Src/game.cpp: In function 'void vTask_Game_Print(void*)':
../Src/game.cpp:448:21: warning: ISO C++ forbids converting a string constant to 'char*' [-Wwrite-strings]
   string_LCD("score");
                     ^
../Src/game.cpp: In function 'int main()':
../Src/game.cpp:504:28: warning: ISO C++ forbids converting a string constant to 'char*' [-Wwrite-strings]
  string_LCD("Press.  Botao");
                            ^
../Src/game.cpp:506:17: warning: ISO C++ forbids converting a string constant to 'char*' [-Wwrite-strings]
  string_LCD("AI");
                 ^
../Src/game.cpp:508:19: warning: ISO C++ forbids converting a string constant to 'char*' [-Wwrite-strings]
  string_LCD("food");
                   ^
../Src/game.cpp:510:21: warning: ISO C++ forbids converting a string constant to 'char*' [-Wwrite-strings]
  string_LCD("player");
                     ^
../Src/game.cpp:464:16: warning: unused variable 'semente_PRNG' [-Wunused-variable]
  unsigned long semente_PRNG=1;
                ^~~~~~~~~~~~
../Src/game.cpp: In function 'void SystemClock_Config()':
../Src/game.cpp:602:38: warning: ISO C++ forbids converting a string constant to 'char*' [-Wwrite-strings]
     _Error_Handler(__FILE__, __LINE__);
                                      ^
../Src/game.cpp:616:38: warning: ISO C++ forbids converting a string constant to 'char*' [-Wwrite-strings]
     _Error_Handler(__FILE__, __LINE__);
                                      ^
../Src/game.cpp:623:38: warning: ISO C++ forbids converting a string constant to 'char*' [-Wwrite-strings]
     _Error_Handler(__FILE__, __LINE__);
                                      ^
../Src/game.cpp: In function 'void MX_ADC1_Init()':
../Src/game.cpp:655:38: warning: ISO C++ forbids converting a string constant to 'char*' [-Wwrite-strings]
     _Error_Handler(__FILE__, __LINE__);
                                      ^
../Src/game.cpp:665:38: warning: ISO C++ forbids converting a string constant to 'char*' [-Wwrite-strings]
     _Error_Handler(__FILE__, __LINE__);
                                      ^
../Src/game.cpp:674:38: warning: ISO C++ forbids converting a string constant to 'char*' [-Wwrite-strings]
     _Error_Handler(__FILE__, __LINE__);
                                      ^
arm-none-eabi-g++ -o "FreeRTOS_LC5110_Joystick.elf" @"objects.list"   -mcpu=cortex-m3 -T"../STM32F103C8_FLASH.ld" --specs=nosys.specs -Wl,-Map="FreeRTOS_LC5110_Joystick.map" -Wl,--gc-sections -static --specs=nano.specs -mfloat-abi=soft -mthumb -Wl,--start-group -lc -lm -lstdc++ -lsupc++ -Wl,--end-group
Finished building target: FreeRTOS_LC5110_Joystick.elf
 
arm-none-eabi-objdump -h -S  FreeRTOS_LC5110_Joystick.elf  > "FreeRTOS_LC5110_Joystick.list"
Finished building: FreeRTOS_LC5110_Joystick.list
 
arm-none-eabi-objcopy  -O binary  FreeRTOS_LC5110_Joystick.elf  "FreeRTOS_LC5110_Joystick.bin"
Finished building: FreeRTOS_LC5110_Joystick.bin
 
arm-none-eabi-size   FreeRTOS_LC5110_Joystick.elf 
   text	   data	    bss	    dec	    hex	filename
  29916	    124	  15736	  45776	   b2d0	FreeRTOS_LC5110_Joystick.elf
Finished building: default.size.stdout
 
22:35:54 **** Incremental Build of configuration Debug for project FreeRTOS_LC5110_Joystick ****
make all 
arm-none-eabi-g++ "../Src/game.cpp" -mcpu=cortex-m3 -std=gnu++14 -g3 '-D__weak=__attribute__((weak))' '-D__packed=__attribute__((__packed__))' -DUSE_HAL_DRIVER -DSTM32F103xB -c -I../Inc -I../Drivers/STM32F1xx_HAL_Driver/Inc -I../Drivers/STM32F1xx_HAL_Driver/Inc/Legacy -I../Middlewares/Third_Party/FreeRTOS/Source/portable/GCC/ARM_CM3 -I../Drivers/CMSIS/Device/ST/STM32F1xx/Include -I../Middlewares/Third_Party/FreeRTOS/Source/include -I../Middlewares/Third_Party/FreeRTOS/Source/CMSIS_RTOS -I../Drivers/CMSIS/Include -Os -ffunction-sections -fdata-sections -fno-exceptions -fno-rtti -fno-threadsafe-statics -fno-use-cxa-atexit -Wall -fstack-usage -MMD -MP -MF"Src/game.d" -MT"Src/game.o" --specs=nano.specs -mfloat-abi=soft -mthumb -o "Src/game.o"
../Src/game.cpp: In member function 'int IntelligentAgent::action(EnvBlobObs*)':
../Src/game.cpp:309:33: warning: comparison between signed and unsigned integer expressions [-Wsign-compare]
             if (prng_LFSR()%100 > _epsilon)
                 ~~~~~~~~~~~~~~~~^~~~~~~~~~
../Src/game.cpp: In function 'int app()':
../Src/game.cpp:371:1: warning: no return statement in function returning non-void [-Wreturn-type]
 }
 ^
../Src/game.cpp: In function 'void vTask_Game_Print(void*)':
../Src/game.cpp:448:21: warning: ISO C++ forbids converting a string constant to 'char*' [-Wwrite-strings]
   string_LCD("score");
                     ^
../Src/game.cpp: In function 'int main()':
../Src/game.cpp:504:28: warning: ISO C++ forbids converting a string constant to 'char*' [-Wwrite-strings]
  string_LCD("Press.  Botao");
                            ^
../Src/game.cpp:506:17: warning: ISO C++ forbids converting a string constant to 'char*' [-Wwrite-strings]
  string_LCD("AI");
                 ^
../Src/game.cpp:508:19: warning: ISO C++ forbids converting a string constant to 'char*' [-Wwrite-strings]
  string_LCD("food");
                   ^
../Src/game.cpp:510:21: warning: ISO C++ forbids converting a string constant to 'char*' [-Wwrite-strings]
  string_LCD("player");
                     ^
../Src/game.cpp:464:16: warning: unused variable 'semente_PRNG' [-Wunused-variable]
  unsigned long semente_PRNG=1;
                ^~~~~~~~~~~~
../Src/game.cpp: In function 'void SystemClock_Config()':
../Src/game.cpp:602:38: warning: ISO C++ forbids converting a string constant to 'char*' [-Wwrite-strings]
     _Error_Handler(__FILE__, __LINE__);
                                      ^
../Src/game.cpp:616:38: warning: ISO C++ forbids converting a string constant to 'char*' [-Wwrite-strings]
     _Error_Handler(__FILE__, __LINE__);
                                      ^
../Src/game.cpp:623:38: warning: ISO C++ forbids converting a string constant to 'char*' [-Wwrite-strings]
     _Error_Handler(__FILE__, __LINE__);
                                      ^
../Src/game.cpp: In function 'void MX_ADC1_Init()':
../Src/game.cpp:655:38: warning: ISO C++ forbids converting a string constant to 'char*' [-Wwrite-strings]
     _Error_Handler(__FILE__, __LINE__);
                                      ^
../Src/game.cpp:665:38: warning: ISO C++ forbids converting a string constant to 'char*' [-Wwrite-strings]
     _Error_Handler(__FILE__, __LINE__);
                                      ^
../Src/game.cpp:674:38: warning: ISO C++ forbids converting a string constant to 'char*' [-Wwrite-strings]
     _Error_Handler(__FILE__, __LINE__);
                                      ^
arm-none-eabi-g++ -o "FreeRTOS_LC5110_Joystick.elf" @"objects.list"   -mcpu=cortex-m3 -T"../STM32F103C8_FLASH.ld" --specs=nosys.specs -Wl,-Map="FreeRTOS_LC5110_Joystick.map" -Wl,--gc-sections -static --specs=nano.specs -mfloat-abi=soft -mthumb -Wl,--start-group -lc -lm -lstdc++ -lsupc++ -Wl,--end-group
Finished building target: FreeRTOS_LC5110_Joystick.elf
 
arm-none-eabi-objdump -h -S  FreeRTOS_LC5110_Joystick.elf  > "FreeRTOS_LC5110_Joystick.list"
Finished building: FreeRTOS_LC5110_Joystick.list
 
arm-none-eabi-objcopy  -O binary  FreeRTOS_LC5110_Joystick.elf  "FreeRTOS_LC5110_Joystick.bin"
Finished building: FreeRTOS_LC5110_Joystick.bin
 
arm-none-eabi-size   FreeRTOS_LC5110_Joystick.elf 
   text	   data	    bss	    dec	    hex	filename
  29912	    124	  15736	  45772	   b2cc	FreeRTOS_LC5110_Joystick.elf
Finished building: default.size.stdout
 
22:36:46 **** Incremental Build of configuration Debug for project FreeRTOS_LC5110_Joystick ****
make all 
arm-none-eabi-size   FreeRTOS_LC5110_Joystick.elf 
   text	   data	    bss	    dec	    hex	filename
  29912	    124	  15736	  45772	   b2cc	FreeRTOS_LC5110_Joystick.elf
Finished building: default.size.stdout
 
