20:09:27 **** Incremental Build of configuration Debug for project FreeRTOS_LC5110_Joystick ****
make all 
arm-none-eabi-g++ "../Src/game.cpp" -mcpu=cortex-m3 -std=gnu++14 -g3 '-D__weak=__attribute__((weak))' '-D__packed=__attribute__((__packed__))' -DUSE_HAL_DRIVER -DSTM32F103xB -c -I../Inc -I../Drivers/STM32F1xx_HAL_Driver/Inc -I../Drivers/STM32F1xx_HAL_Driver/Inc/Legacy -I../Middlewares/Third_Party/FreeRTOS/Source/portable/GCC/ARM_CM3 -I../Drivers/CMSIS/Device/ST/STM32F1xx/Include -I../Middlewares/Third_Party/FreeRTOS/Source/include -I../Middlewares/Third_Party/FreeRTOS/Source/CMSIS_RTOS -I../Drivers/CMSIS/Include -Os -ffunction-sections -fdata-sections -fno-exceptions -fno-rtti -fno-threadsafe-statics -fno-use-cxa-atexit -Wall -fstack-usage -MMD -MP -MF"Src/game.d" -MT"Src/game.o" --specs=nano.specs -mfloat-abi=soft -mthumb -o "Src/game.o"
../Src/game.cpp: In function 'int main()':
../Src/game.cpp:165:28: warning: ISO C++ forbids converting a string constant to 'char*' [-Wwrite-strings]
  string_LCD("Press.  Botao");
                            ^
../Src/game.cpp: In function 'void SystemClock_Config()':
../Src/game.cpp:256:38: warning: ISO C++ forbids converting a string constant to 'char*' [-Wwrite-strings]
     _Error_Handler(__FILE__, __LINE__);
                                      ^
../Src/game.cpp:270:38: warning: ISO C++ forbids converting a string constant to 'char*' [-Wwrite-strings]
     _Error_Handler(__FILE__, __LINE__);
                                      ^
../Src/game.cpp:277:38: warning: ISO C++ forbids converting a string constant to 'char*' [-Wwrite-strings]
     _Error_Handler(__FILE__, __LINE__);
                                      ^
../Src/game.cpp: In function 'void MX_ADC1_Init()':
../Src/game.cpp:309:38: warning: ISO C++ forbids converting a string constant to 'char*' [-Wwrite-strings]
     _Error_Handler(__FILE__, __LINE__);
                                      ^
../Src/game.cpp:319:38: warning: ISO C++ forbids converting a string constant to 'char*' [-Wwrite-strings]
     _Error_Handler(__FILE__, __LINE__);
                                      ^
../Src/game.cpp:328:38: warning: ISO C++ forbids converting a string constant to 'char*' [-Wwrite-strings]
     _Error_Handler(__FILE__, __LINE__);
                                      ^
arm-none-eabi-g++ -o "FreeRTOS_LC5110_Joystick.elf" @"objects.list"   -mcpu=cortex-m3 -T"../STM32F103C8_FLASH.ld" --specs=nosys.specs -Wl,-Map="FreeRTOS_LC5110_Joystick.map" -Wl,--gc-sections -static --specs=nano.specs -mfloat-abi=soft -mthumb -Wl,--start-group -lc -lm -lstdc++ -lsupc++ -Wl,--end-group
Finished building target: FreeRTOS_LC5110_Joystick.elf
 
arm-none-eabi-objdump -h -S  FreeRTOS_LC5110_Joystick.elf  > "FreeRTOS_LC5110_Joystick.list"
Finished building: FreeRTOS_LC5110_Joystick.list
 
arm-none-eabi-objcopy  -O binary  FreeRTOS_LC5110_Joystick.elf  "FreeRTOS_LC5110_Joystick.bin"
Finished building: FreeRTOS_LC5110_Joystick.bin
 
arm-none-eabi-size   FreeRTOS_LC5110_Joystick.elf 
   text	   data	    bss	    dec	    hex	filename
  19548	    124	  15736	  35408	   8a50	FreeRTOS_LC5110_Joystick.elf
Finished building: default.size.stdout
 
20:10:07 **** Incremental Build of configuration Debug for project FreeRTOS_LC5110_Joystick ****
make all 
arm-none-eabi-g++ "../Src/game.cpp" -mcpu=cortex-m3 -std=gnu++14 -g3 '-D__weak=__attribute__((weak))' '-D__packed=__attribute__((__packed__))' -DUSE_HAL_DRIVER -DSTM32F103xB -c -I../Inc -I../Drivers/STM32F1xx_HAL_Driver/Inc -I../Drivers/STM32F1xx_HAL_Driver/Inc/Legacy -I../Middlewares/Third_Party/FreeRTOS/Source/portable/GCC/ARM_CM3 -I../Drivers/CMSIS/Device/ST/STM32F1xx/Include -I../Middlewares/Third_Party/FreeRTOS/Source/include -I../Middlewares/Third_Party/FreeRTOS/Source/CMSIS_RTOS -I../Drivers/CMSIS/Include -Os -ffunction-sections -fdata-sections -fno-exceptions -fno-rtti -fno-threadsafe-statics -fno-use-cxa-atexit -Wall -fstack-usage -MMD -MP -MF"Src/game.d" -MT"Src/game.o" --specs=nano.specs -mfloat-abi=soft -mthumb -o "Src/game.o"
../Src/game.cpp: In function 'int main()':
../Src/game.cpp:165:28: warning: ISO C++ forbids converting a string constant to 'char*' [-Wwrite-strings]
  string_LCD("Press.  Botao");
                            ^
../Src/game.cpp: In function 'void SystemClock_Config()':
../Src/game.cpp:256:38: warning: ISO C++ forbids converting a string constant to 'char*' [-Wwrite-strings]
     _Error_Handler(__FILE__, __LINE__);
                                      ^
../Src/game.cpp:270:38: warning: ISO C++ forbids converting a string constant to 'char*' [-Wwrite-strings]
     _Error_Handler(__FILE__, __LINE__);
                                      ^
../Src/game.cpp:277:38: warning: ISO C++ forbids converting a string constant to 'char*' [-Wwrite-strings]
     _Error_Handler(__FILE__, __LINE__);
                                      ^
../Src/game.cpp: In function 'void MX_ADC1_Init()':
../Src/game.cpp:309:38: warning: ISO C++ forbids converting a string constant to 'char*' [-Wwrite-strings]
     _Error_Handler(__FILE__, __LINE__);
                                      ^
../Src/game.cpp:319:38: warning: ISO C++ forbids converting a string constant to 'char*' [-Wwrite-strings]
     _Error_Handler(__FILE__, __LINE__);
                                      ^
../Src/game.cpp:328:38: warning: ISO C++ forbids converting a string constant to 'char*' [-Wwrite-strings]
     _Error_Handler(__FILE__, __LINE__);
                                      ^
arm-none-eabi-g++ -o "FreeRTOS_LC5110_Joystick.elf" @"objects.list"   -mcpu=cortex-m3 -T"../STM32F103C8_FLASH.ld" --specs=nosys.specs -Wl,-Map="FreeRTOS_LC5110_Joystick.map" -Wl,--gc-sections -static --specs=nano.specs -mfloat-abi=soft -mthumb -Wl,--start-group -lc -lm -lstdc++ -lsupc++ -Wl,--end-group
Finished building target: FreeRTOS_LC5110_Joystick.elf
 
arm-none-eabi-objdump -h -S  FreeRTOS_LC5110_Joystick.elf  > "FreeRTOS_LC5110_Joystick.list"
Finished building: FreeRTOS_LC5110_Joystick.list
 
arm-none-eabi-objcopy  -O binary  FreeRTOS_LC5110_Joystick.elf  "FreeRTOS_LC5110_Joystick.bin"
Finished building: FreeRTOS_LC5110_Joystick.bin
 
arm-none-eabi-size   FreeRTOS_LC5110_Joystick.elf 
   text	   data	    bss	    dec	    hex	filename
  19808	    124	  15736	  35668	   8b54	FreeRTOS_LC5110_Joystick.elf
Finished building: default.size.stdout
 
20:10:48 **** Incremental Build of configuration Debug for project FreeRTOS_LC5110_Joystick ****
make all 
arm-none-eabi-g++ "../Src/game.cpp" -mcpu=cortex-m3 -std=gnu++14 -g3 '-D__weak=__attribute__((weak))' '-D__packed=__attribute__((__packed__))' -DUSE_HAL_DRIVER -DSTM32F103xB -c -I../Inc -I../Drivers/STM32F1xx_HAL_Driver/Inc -I../Drivers/STM32F1xx_HAL_Driver/Inc/Legacy -I../Middlewares/Third_Party/FreeRTOS/Source/portable/GCC/ARM_CM3 -I../Drivers/CMSIS/Device/ST/STM32F1xx/Include -I../Middlewares/Third_Party/FreeRTOS/Source/include -I../Middlewares/Third_Party/FreeRTOS/Source/CMSIS_RTOS -I../Drivers/CMSIS/Include -Os -ffunction-sections -fdata-sections -fno-exceptions -fno-rtti -fno-threadsafe-statics -fno-use-cxa-atexit -Wall -fstack-usage -MMD -MP -MF"Src/game.d" -MT"Src/game.o" --specs=nano.specs -mfloat-abi=soft -mthumb -o "Src/game.o"
../Src/game.cpp: In function 'int main()':
../Src/game.cpp:165:28: warning: ISO C++ forbids converting a string constant to 'char*' [-Wwrite-strings]
  string_LCD("Press.  Botao");
                            ^
../Src/game.cpp: In function 'void SystemClock_Config()':
../Src/game.cpp:256:38: warning: ISO C++ forbids converting a string constant to 'char*' [-Wwrite-strings]
     _Error_Handler(__FILE__, __LINE__);
                                      ^
../Src/game.cpp:270:38: warning: ISO C++ forbids converting a string constant to 'char*' [-Wwrite-strings]
     _Error_Handler(__FILE__, __LINE__);
                                      ^
../Src/game.cpp:277:38: warning: ISO C++ forbids converting a string constant to 'char*' [-Wwrite-strings]
     _Error_Handler(__FILE__, __LINE__);
                                      ^
../Src/game.cpp: In function 'void MX_ADC1_Init()':
../Src/game.cpp:309:38: warning: ISO C++ forbids converting a string constant to 'char*' [-Wwrite-strings]
     _Error_Handler(__FILE__, __LINE__);
                                      ^
../Src/game.cpp:319:38: warning: ISO C++ forbids converting a string constant to 'char*' [-Wwrite-strings]
     _Error_Handler(__FILE__, __LINE__);
                                      ^
../Src/game.cpp:328:38: warning: ISO C++ forbids converting a string constant to 'char*' [-Wwrite-strings]
     _Error_Handler(__FILE__, __LINE__);
                                      ^
arm-none-eabi-g++ -o "FreeRTOS_LC5110_Joystick.elf" @"objects.list"   -mcpu=cortex-m3 -T"../STM32F103C8_FLASH.ld" --specs=nosys.specs -Wl,-Map="FreeRTOS_LC5110_Joystick.map" -Wl,--gc-sections -static --specs=nano.specs -mfloat-abi=soft -mthumb -Wl,--start-group -lc -lm -lstdc++ -lsupc++ -Wl,--end-group
Finished building target: FreeRTOS_LC5110_Joystick.elf
 
arm-none-eabi-objdump -h -S  FreeRTOS_LC5110_Joystick.elf  > "FreeRTOS_LC5110_Joystick.list"
Finished building: FreeRTOS_LC5110_Joystick.list
 
arm-none-eabi-objcopy  -O binary  FreeRTOS_LC5110_Joystick.elf  "FreeRTOS_LC5110_Joystick.bin"
Finished building: FreeRTOS_LC5110_Joystick.bin
 
arm-none-eabi-size   FreeRTOS_LC5110_Joystick.elf 
   text	   data	    bss	    dec	    hex	filename
  19808	    124	  15736	  35668	   8b54	FreeRTOS_LC5110_Joystick.elf
Finished building: default.size.stdout
 
