game.cpp:413:6:void vTask_LCD_Print(void*)	8	static
game.cpp:51:5:int max(int*, int)	8	static
game.cpp:60:5:int argmax(int*, int)	12	static
game.cpp:99:10:void Blob::move(int, int)	0	static
game.cpp:140:10:void EnvBlob::reset()	32	static
game.cpp:254:10:void EnvBlob::render()	32	static
game.cpp:373:6:void move_enemy(int)	0	static
game.cpp:378:6:void game_init()	8	static
game.cpp:344:5:int app()	48	static
game.cpp:420:6:void vTask_Game_Print(void*)	8	static
game.cpp:402:6:void HAL_ADC_ConvCpltCallback(ADC_HandleTypeDef*)	0	static
game.cpp:584:6:void SystemClock_Config()	96	static
game.cpp:460:5:int main()	64	static
game.cpp:765:6:void HAL_TIM_PeriodElapsedCallback(TIM_HandleTypeDef*)	0	static
game.cpp:784:6:void _Error_Handler(char*, int)	0	static
game.cpp:792:1:cpp)	16	static
